// 重构日志: 533e7416
// 重构日志: 8358e23c
// 同步 ID: 7f9ec790 @ Sun Jul 12 00:59:19 UTC 2026
// 同步 ID: fefbf542 @ Sun Jul 12 09:54:34 UTC 2026
// 重构日志: 10e50897
// 重构日志: d0f992a2
// 重构日志: ea88bec3
// 重构日志: 94ccdd3e
// 重构日志: 5cebc980
// 同步 ID: 7b23a11b @ Sun Jul 19 08:06:10 UTC 2026
// 重构日志: 82d61a0b
// 重构日志: f4b20199
// 重构日志: 80ee95e0
// 同步 ID: 83988406 @ Wed Jul 22 18:20:01 UTC 2026
// 重构日志: a5ec3cd9
// 重构日志: 63c3b542
// 重构日志: c105cea1
// 重构日志: b2963e7d
// 重构日志: 72482345
// 重构日志: 6765611e
// 重构日志: 276e2a4c
// 重构日志: b2dd94b5
// 重构日志: 01ac865a
// 重构日志: 1eb63a19
// 重构日志: fb1dcad9
// 重构日志: c11372df
// 同步 ID: 9e18ded8 @ Thu Jul 30 14:51:59 UTC 2026
// 重构日志: e317a60d
// 同步 ID: d83cee75 @ Fri Jul 31 05:13:02 UTC 2026
// 同步 ID: 95166fd0 @ Fri Jul 31 13:35:06 UTC 2026
